############################################################
# Input

#  .home/*/bin/foo is linked into ~/bin/foo
.home/a/bin/dangling/pointed to b

############################################################
# Output

#  The dangling link in ~/bin was removed because it pointed to
#  a non-existent file in ~/.home that we want to replace with a
#  link to an actual file elsewhere in ~/.home.
bin/dangling/pointed to b -> ../../.home/a/bin/dangling/pointed to b
