#
#  Source files in .home
.home/a/bin/hello world
#
#  This has been removed because it points inside .home
#bin/dangling inside -> ../.home/a/bin/dangling inside
#
#  Links pointing outside .home do not get removed.
bin/dangling outside -> ../a b c/dangling outside
#
#  File in .home/*/bin/ is linked
bin/hello world -> ../.home/a/bin/hello world
